/c/Program Files/nodejs/npx: line 65:    68 Illegal instruction     "$NODE_EXE" "$NPX_CLI_JS" "$@"
